MPLINK 5.08, LINKER
Linker Map File - Created Thu Sep 22 00:38:38 2016

                                 Section Info
                  Section       Type    Address   Location Size(Bytes)
                ---------  ---------  ---------  ---------  ---------
                   .org_0       code   0x000000    program   0x000002
                   .cinit    romdata   0x000001    program   0x000004
                   .org_1       code   0x000008    program   0x0002ce
.config_2007_BUILD/DEFAULT/PRODUCTION/MAINPAR       code   0x002007    program   0x000002



                              Program Memory Usage 
                               Start         End      
                           ---------   ---------      
                            0x000000    0x000002      
                            0x000008    0x00016e      
                            0x002007    0x002007      
            363 out of 2182 program addresses used, program memory utilization is 16%



                              Symbols - Sorted by Name
                     Name    Address   Location    Storage File                     
                ---------  ---------  ---------  --------- ---------                
                  INT0ISR   0x0000c8    program     static C:\Users\Julian Santos\MPLABXProjects\Parcial I.X\mainParcial.asm
                      ISR   0x00009c    program     static C:\Users\Julian Santos\MPLABXProjects\Parcial I.X\mainParcial.asm
                  TMR0ISR   0x0000a9    program     static C:\Users\Julian Santos\MPLABXProjects\Parcial I.X\mainParcial.asm
                       d0   0x000149    program     static C:\Users\Julian Santos\MPLABXProjects\Parcial I.X\mainParcial.asm
                       d1   0x00014c    program     static C:\Users\Julian Santos\MPLABXProjects\Parcial I.X\mainParcial.asm
                       d2   0x000155    program     static C:\Users\Julian Santos\MPLABXProjects\Parcial I.X\mainParcial.asm
                    delay   0x000151    program     static C:\Users\Julian Santos\MPLABXProjects\Parcial I.X\mainParcial.asm
                delay10ms   0x000147    program     static C:\Users\Julian Santos\MPLABXProjects\Parcial I.X\mainParcial.asm
                delayW0ms   0x000154    program     static C:\Users\Julian Santos\MPLABXProjects\Parcial I.X\mainParcial.asm
                 initINT0   0x000097    program     static C:\Users\Julian Santos\MPLABXProjects\Parcial I.X\mainParcial.asm
                 initTMR0   0x00008b    program     static C:\Users\Julian Santos\MPLABXProjects\Parcial I.X\mainParcial.asm
            initialconfig   0x00005f    program     static C:\Users\Julian Santos\MPLABXProjects\Parcial I.X\mainParcial.asm
            initialstates   0x00006c    program     static C:\Users\Julian Santos\MPLABXProjects\Parcial I.X\mainParcial.asm
                    latch   0x00005c    program     static C:\Users\Julian Santos\MPLABXProjects\Parcial I.X\mainParcial.asm
                     letA   0x000163    program     static C:\Users\Julian Santos\MPLABXProjects\Parcial I.X\mainParcial.asm
                     letB   0x000164    program     static C:\Users\Julian Santos\MPLABXProjects\Parcial I.X\mainParcial.asm
                     letC   0x000165    program     static C:\Users\Julian Santos\MPLABXProjects\Parcial I.X\mainParcial.asm
                     letD   0x000166    program     static C:\Users\Julian Santos\MPLABXProjects\Parcial I.X\mainParcial.asm
                     letE   0x000167    program     static C:\Users\Julian Santos\MPLABXProjects\Parcial I.X\mainParcial.asm
                     letF   0x000168    program     static C:\Users\Julian Santos\MPLABXProjects\Parcial I.X\mainParcial.asm
                     letH   0x000169    program     static C:\Users\Julian Santos\MPLABXProjects\Parcial I.X\mainParcial.asm
                     letL   0x00016a    program     static C:\Users\Julian Santos\MPLABXProjects\Parcial I.X\mainParcial.asm
                     letN   0x00016d    program     static C:\Users\Julian Santos\MPLABXProjects\Parcial I.X\mainParcial.asm
                     letP   0x00016b    program     static C:\Users\Julian Santos\MPLABXProjects\Parcial I.X\mainParcial.asm
                     letU   0x00016c    program     static C:\Users\Julian Santos\MPLABXProjects\Parcial I.X\mainParcial.asm
                     main   0x000009    program     static C:\Users\Julian Santos\MPLABXProjects\Parcial I.X\mainParcial.asm
                     none   0x00016e    program     static C:\Users\Julian Santos\MPLABXProjects\Parcial I.X\mainParcial.asm
                     num0   0x000159    program     static C:\Users\Julian Santos\MPLABXProjects\Parcial I.X\mainParcial.asm
                     num1   0x00015a    program     static C:\Users\Julian Santos\MPLABXProjects\Parcial I.X\mainParcial.asm
                     num2   0x00015b    program     static C:\Users\Julian Santos\MPLABXProjects\Parcial I.X\mainParcial.asm
                     num3   0x00015c    program     static C:\Users\Julian Santos\MPLABXProjects\Parcial I.X\mainParcial.asm
                     num4   0x00015d    program     static C:\Users\Julian Santos\MPLABXProjects\Parcial I.X\mainParcial.asm
                     num5   0x00015e    program     static C:\Users\Julian Santos\MPLABXProjects\Parcial I.X\mainParcial.asm
                     num6   0x00015f    program     static C:\Users\Julian Santos\MPLABXProjects\Parcial I.X\mainParcial.asm
                     num7   0x000160    program     static C:\Users\Julian Santos\MPLABXProjects\Parcial I.X\mainParcial.asm
                     num8   0x000161    program     static C:\Users\Julian Santos\MPLABXProjects\Parcial I.X\mainParcial.asm
                     num9   0x000162    program     static C:\Users\Julian Santos\MPLABXProjects\Parcial I.X\mainParcial.asm
                offbuzzer   0x000023    program     static C:\Users\Julian Santos\MPLABXProjects\Parcial I.X\mainParcial.asm
                   pclock   0x000059    program     static C:\Users\Julian Santos\MPLABXProjects\Parcial I.X\mainParcial.asm
              rdebouncing   0x000016    program     static C:\Users\Julian Santos\MPLABXProjects\Parcial I.X\mainParcial.asm
              rotateStack   0x0000d1    program     static C:\Users\Julian Santos\MPLABXProjects\Parcial I.X\mainParcial.asm
                    send8   0x00004d    program     static C:\Users\Julian Santos\MPLABXProjects\Parcial I.X\mainParcial.asm
                  sendata   0x00003d    program     static C:\Users\Julian Santos\MPLABXProjects\Parcial I.X\mainParcial.asm
                showdigit   0x000028    program     static C:\Users\Julian Santos\MPLABXProjects\Parcial I.X\mainParcial.asm
                    tabla   0x0000f2    program     static C:\Users\Julian Santos\MPLABXProjects\Parcial I.X\mainParcial.asm
                     task   0x00000d    program     static C:\Users\Julian Santos\MPLABXProjects\Parcial I.X\mainParcial.asm
             togglebuzzer   0x00001e    program     static C:\Users\Julian Santos\MPLABXProjects\Parcial I.X\mainParcial.asm



                              Symbols - Sorted by Address
                     Name    Address   Location    Storage File                     
                ---------  ---------  ---------  --------- ---------                
                     main   0x000009    program     static C:\Users\Julian Santos\MPLABXProjects\Parcial I.X\mainParcial.asm
                     task   0x00000d    program     static C:\Users\Julian Santos\MPLABXProjects\Parcial I.X\mainParcial.asm
              rdebouncing   0x000016    program     static C:\Users\Julian Santos\MPLABXProjects\Parcial I.X\mainParcial.asm
             togglebuzzer   0x00001e    program     static C:\Users\Julian Santos\MPLABXProjects\Parcial I.X\mainParcial.asm
                offbuzzer   0x000023    program     static C:\Users\Julian Santos\MPLABXProjects\Parcial I.X\mainParcial.asm
                showdigit   0x000028    program     static C:\Users\Julian Santos\MPLABXProjects\Parcial I.X\mainParcial.asm
                  sendata   0x00003d    program     static C:\Users\Julian Santos\MPLABXProjects\Parcial I.X\mainParcial.asm
                    send8   0x00004d    program     static C:\Users\Julian Santos\MPLABXProjects\Parcial I.X\mainParcial.asm
                   pclock   0x000059    program     static C:\Users\Julian Santos\MPLABXProjects\Parcial I.X\mainParcial.asm
                    latch   0x00005c    program     static C:\Users\Julian Santos\MPLABXProjects\Parcial I.X\mainParcial.asm
            initialconfig   0x00005f    program     static C:\Users\Julian Santos\MPLABXProjects\Parcial I.X\mainParcial.asm
            initialstates   0x00006c    program     static C:\Users\Julian Santos\MPLABXProjects\Parcial I.X\mainParcial.asm
                 initTMR0   0x00008b    program     static C:\Users\Julian Santos\MPLABXProjects\Parcial I.X\mainParcial.asm
                 initINT0   0x000097    program     static C:\Users\Julian Santos\MPLABXProjects\Parcial I.X\mainParcial.asm
                      ISR   0x00009c    program     static C:\Users\Julian Santos\MPLABXProjects\Parcial I.X\mainParcial.asm
                  TMR0ISR   0x0000a9    program     static C:\Users\Julian Santos\MPLABXProjects\Parcial I.X\mainParcial.asm
                  INT0ISR   0x0000c8    program     static C:\Users\Julian Santos\MPLABXProjects\Parcial I.X\mainParcial.asm
              rotateStack   0x0000d1    program     static C:\Users\Julian Santos\MPLABXProjects\Parcial I.X\mainParcial.asm
                    tabla   0x0000f2    program     static C:\Users\Julian Santos\MPLABXProjects\Parcial I.X\mainParcial.asm
                delay10ms   0x000147    program     static C:\Users\Julian Santos\MPLABXProjects\Parcial I.X\mainParcial.asm
                       d0   0x000149    program     static C:\Users\Julian Santos\MPLABXProjects\Parcial I.X\mainParcial.asm
                       d1   0x00014c    program     static C:\Users\Julian Santos\MPLABXProjects\Parcial I.X\mainParcial.asm
                    delay   0x000151    program     static C:\Users\Julian Santos\MPLABXProjects\Parcial I.X\mainParcial.asm
                delayW0ms   0x000154    program     static C:\Users\Julian Santos\MPLABXProjects\Parcial I.X\mainParcial.asm
                       d2   0x000155    program     static C:\Users\Julian Santos\MPLABXProjects\Parcial I.X\mainParcial.asm
                     num0   0x000159    program     static C:\Users\Julian Santos\MPLABXProjects\Parcial I.X\mainParcial.asm
                     num1   0x00015a    program     static C:\Users\Julian Santos\MPLABXProjects\Parcial I.X\mainParcial.asm
                     num2   0x00015b    program     static C:\Users\Julian Santos\MPLABXProjects\Parcial I.X\mainParcial.asm
                     num3   0x00015c    program     static C:\Users\Julian Santos\MPLABXProjects\Parcial I.X\mainParcial.asm
                     num4   0x00015d    program     static C:\Users\Julian Santos\MPLABXProjects\Parcial I.X\mainParcial.asm
                     num5   0x00015e    program     static C:\Users\Julian Santos\MPLABXProjects\Parcial I.X\mainParcial.asm
                     num6   0x00015f    program     static C:\Users\Julian Santos\MPLABXProjects\Parcial I.X\mainParcial.asm
                     num7   0x000160    program     static C:\Users\Julian Santos\MPLABXProjects\Parcial I.X\mainParcial.asm
                     num8   0x000161    program     static C:\Users\Julian Santos\MPLABXProjects\Parcial I.X\mainParcial.asm
                     num9   0x000162    program     static C:\Users\Julian Santos\MPLABXProjects\Parcial I.X\mainParcial.asm
                     letA   0x000163    program     static C:\Users\Julian Santos\MPLABXProjects\Parcial I.X\mainParcial.asm
                     letB   0x000164    program     static C:\Users\Julian Santos\MPLABXProjects\Parcial I.X\mainParcial.asm
                     letC   0x000165    program     static C:\Users\Julian Santos\MPLABXProjects\Parcial I.X\mainParcial.asm
                     letD   0x000166    program     static C:\Users\Julian Santos\MPLABXProjects\Parcial I.X\mainParcial.asm
                     letE   0x000167    program     static C:\Users\Julian Santos\MPLABXProjects\Parcial I.X\mainParcial.asm
                     letF   0x000168    program     static C:\Users\Julian Santos\MPLABXProjects\Parcial I.X\mainParcial.asm
                     letH   0x000169    program     static C:\Users\Julian Santos\MPLABXProjects\Parcial I.X\mainParcial.asm
                     letL   0x00016a    program     static C:\Users\Julian Santos\MPLABXProjects\Parcial I.X\mainParcial.asm
                     letP   0x00016b    program     static C:\Users\Julian Santos\MPLABXProjects\Parcial I.X\mainParcial.asm
                     letU   0x00016c    program     static C:\Users\Julian Santos\MPLABXProjects\Parcial I.X\mainParcial.asm
                     letN   0x00016d    program     static C:\Users\Julian Santos\MPLABXProjects\Parcial I.X\mainParcial.asm
                     none   0x00016e    program     static C:\Users\Julian Santos\MPLABXProjects\Parcial I.X\mainParcial.asm


